[0m18:23:34.938766 [debug] [MainThread]: Sending event: {'category': 'dbt', 'action': 'invocation', 'label': 'start', 'context': [<snowplow_tracker.self_describing_json.SelfDescribingJson object at 0x79ffe683b520>, <snowplow_tracker.self_describing_json.SelfDescribingJson object at 0x79ffe53d0220>, <snowplow_tracker.self_describing_json.SelfDescribingJson object at 0x79ffe53d01c0>]}


============================== 18:23:34.946090 | 44a33600-136b-43eb-b04f-a4f7a1c4205c ==============================
[0m18:23:34.946090 [info ] [MainThread]: Running with dbt=1.11.11
[0m18:23:34.948055 [debug] [MainThread]: running dbt with arguments {'profiles_dir': '/root/.dbt', 'static_parser': 'True', 'invocation_command': 'dbt init dbt_hotel_model', 'cache_selected_only': 'False', 'log_cache_events': 'False', 'no_print': 'None', 'use_experimental_parser': 'False', 'debug': 'False', 'partial_parse': 'True', 'use_colors': 'True', 'quiet': 'False', 'target_path': 'None', 'warn_error_options': 'WarnErrorOptionsV2(error=[], warn=[], silence=[])', 'log_format': 'default', 'printer_width': '80', 'write_json': 'True', 'empty': 'None', 'fail_fast': 'False', 'send_anonymous_usage_stats': 'True', 'introspect': 'True', 'log_path': 'logs', 'version_check': 'True', 'warn_error': 'None', 'indirect_selection': 'eager'}
[0m18:23:34.955154 [info ] [MainThread]: Creating dbt configuration folder at /root/.dbt
[0m18:23:34.964366 [debug] [MainThread]: Starter project path: /usr/local/lib/python3.10/site-packages/dbt/include/starter_project
[0m18:23:35.296805 [info ] [MainThread]: 
Your new dbt project "dbt_hotel_model" was created!

For more information on how to configure the profiles.yml file,
please consult the dbt documentation here:

  https://docs.getdbt.com/docs/configure-your-profile

One more thing:

Need help? Don't hesitate to reach out to us via GitHub issues or on Slack:

  https://community.getdbt.com/

Happy modeling!

[0m18:23:35.297843 [info ] [MainThread]: Setting up your profile.
[0m18:51:41.727027 [info ] [MainThread]: Profile dbt_hotel_model written to /root/.dbt/profiles.yml using target's profile_template.yml and your supplied values. Run 'dbt debug' to validate the connection.
[0m18:51:41.731957 [debug] [MainThread]: Resource report: {"command_name": "init", "command_success": true, "command_wall_clock_time": 1707.3601, "process_in_blocks": "0", "process_kernel_time": 0.200222, "process_mem_max_rss": "228360", "process_out_blocks": "784", "process_user_time": 4.037818}
[0m18:51:41.735761 [debug] [MainThread]: Command `dbt init` succeeded at 18:51:41.735495 after 1707.36 seconds
[0m18:51:41.738956 [debug] [MainThread]: Sending event: {'category': 'dbt', 'action': 'invocation', 'label': 'end', 'context': [<snowplow_tracker.self_describing_json.SelfDescribingJson object at 0x79ffe683b520>, <snowplow_tracker.self_describing_json.SelfDescribingJson object at 0x79ffa20c8af0>, <snowplow_tracker.self_describing_json.SelfDescribingJson object at 0x79ffe53d01f0>]}
[0m18:51:41.742173 [debug] [MainThread]: Flushing usage events
[0m18:51:43.021716 [debug] [MainThread]: An error was encountered while trying to flush usage events
[0m18:52:35.970842 [debug] [MainThread]: Sending event: {'category': 'dbt', 'action': 'invocation', 'label': 'start', 'context': [<snowplow_tracker.self_describing_json.SelfDescribingJson object at 0x7d97740ca200>, <snowplow_tracker.self_describing_json.SelfDescribingJson object at 0x7d9772f14250>, <snowplow_tracker.self_describing_json.SelfDescribingJson object at 0x7d9772f14160>]}


============================== 18:52:35.974213 | 309a7e2d-3730-4ed9-92e9-d16ad3ed6d65 ==============================
[0m18:52:35.974213 [info ] [MainThread]: Running with dbt=1.11.11
[0m18:52:35.977157 [debug] [MainThread]: running dbt with arguments {'warn_error': 'None', 'version_check': 'True', 'introspect': 'True', 'no_print': 'None', 'write_json': 'True', 'log_path': 'logs', 'log_format': 'default', 'target_path': 'None', 'printer_width': '80', 'warn_error_options': 'WarnErrorOptionsV2(error=[], warn=[], silence=[])', 'use_experimental_parser': 'False', 'send_anonymous_usage_stats': 'True', 'log_cache_events': 'False', 'use_colors': 'True', 'quiet': 'False', 'profiles_dir': '/usr/app', 'invocation_command': 'dbt debug', 'cache_selected_only': 'False', 'fail_fast': 'False', 'static_parser': 'True', 'partial_parse': 'True', 'empty': 'None', 'indirect_selection': 'eager', 'debug': 'False'}
[0m18:52:36.039037 [info ] [MainThread]: dbt version: 1.11.11
[0m18:52:36.041546 [info ] [MainThread]: python version: 3.10.20
[0m18:52:36.043237 [info ] [MainThread]: python path: /usr/local/bin/python3.10
[0m18:52:36.045045 [info ] [MainThread]: os info: Linux-6.6.87.2-microsoft-standard-WSL2-x86_64-with-glibc2.41
[0m18:52:36.601343 [info ] [MainThread]: Using profiles dir at /usr/app
[0m18:52:36.603452 [info ] [MainThread]: Using profiles.yml file at /usr/app/profiles.yml
[0m18:52:36.605353 [info ] [MainThread]: Using dbt_project.yml file at /usr/app/dbt_project.yml
[0m18:52:36.607138 [info ] [MainThread]: adapter type: bigquery
[0m18:52:36.608883 [info ] [MainThread]: adapter version: 1.11.1
[0m18:52:36.611173 [info ] [MainThread]: Configuration:
[0m18:52:36.612982 [info ] [MainThread]:   profiles.yml file [[32mOK found and valid[0m]
[0m18:52:36.614731 [info ] [MainThread]:   dbt_project.yml file [[31mERROR not found[0m]
[0m18:52:36.616693 [info ] [MainThread]: Required dependencies:
[0m18:52:36.618872 [debug] [MainThread]: Executing "git --help"
[0m18:52:36.623983 [debug] [MainThread]: STDOUT: "b"usage: git [-v | --version] [-h | --help] [-C <path>] [-c <name>=<value>]\n           [--exec-path[=<path>]] [--html-path] [--man-path] [--info-path]\n           [-p | --paginate | -P | --no-pager] [--no-replace-objects] [--no-lazy-fetch]\n           [--no-optional-locks] [--no-advice] [--bare] [--git-dir=<path>]\n           [--work-tree=<path>] [--namespace=<name>] [--config-env=<name>=<envvar>]\n           <command> [<args>]\n\nThese are common Git commands used in various situations:\n\nstart a working area (see also: git help tutorial)\n   clone     Clone a repository into a new directory\n   init      Create an empty Git repository or reinitialize an existing one\n\nwork on the current change (see also: git help everyday)\n   add       Add file contents to the index\n   mv        Move or rename a file, a directory, or a symlink\n   restore   Restore working tree files\n   rm        Remove files from the working tree and from the index\n\nexamine the history and state (see also: git help revisions)\n   bisect    Use binary search to find the commit that introduced a bug\n   diff      Show changes between commits, commit and working tree, etc\n   grep      Print lines matching a pattern\n   log       Show commit logs\n   show      Show various types of objects\n   status    Show the working tree status\n\ngrow, mark and tweak your common history\n   branch    List, create, or delete branches\n   commit    Record changes to the repository\n   merge     Join two or more development histories together\n   rebase    Reapply commits on top of another base tip\n   reset     Reset current HEAD to the specified state\n   switch    Switch branches\n   tag       Create, list, delete or verify a tag object signed with GPG\n\ncollaborate (see also: git help workflows)\n   fetch     Download objects and refs from another repository\n   pull      Fetch from and integrate with another repository or a local branch\n   push      Update remote refs along with associated objects\n\n'git help -a' and 'git help -g' list available subcommands and some\nconcept guides. See 'git help <command>' or 'git help <concept>'\nto read about a specific subcommand or concept.\nSee 'git help git' for an overview of the system.\n""
[0m18:52:36.626254 [debug] [MainThread]: STDERR: "b''"
[0m18:52:36.628021 [info ] [MainThread]:  - git [[32mOK found[0m]

[0m18:52:36.629889 [info ] [MainThread]: Connection:
[0m18:52:36.631630 [info ] [MainThread]:   method: service-account
[0m18:52:36.633489 [info ] [MainThread]:   database: afl3-dw-hotel
[0m18:52:36.635285 [info ] [MainThread]:   execution_project: afl3-dw-hotel
[0m18:52:36.637582 [info ] [MainThread]:   schema: afl3_hotel_dwh
[0m18:52:36.639668 [info ] [MainThread]:   location: asia-southeast2
[0m18:52:36.641397 [info ] [MainThread]:   priority: interactive
[0m18:52:36.643476 [info ] [MainThread]:   maximum_bytes_billed: None
[0m18:52:36.645308 [info ] [MainThread]:   impersonate_service_account: None
[0m18:52:36.647149 [info ] [MainThread]:   job_retry_deadline_seconds: None
[0m18:52:36.649635 [info ] [MainThread]:   job_retries: 1
[0m18:52:36.651742 [info ] [MainThread]:   job_creation_timeout_seconds: None
[0m18:52:36.653374 [info ] [MainThread]:   job_execution_timeout_seconds: 300
[0m18:52:36.655095 [info ] [MainThread]:   timeout_seconds: 300
[0m18:52:36.657229 [info ] [MainThread]:   client_id: None
[0m18:52:36.658971 [info ] [MainThread]:   token_uri: None
[0m18:52:36.660839 [info ] [MainThread]:   compute_region: None
[0m18:52:36.662812 [info ] [MainThread]:   dataproc_cluster_name: None
[0m18:52:36.664439 [info ] [MainThread]:   gcs_bucket: None
[0m18:52:36.665841 [info ] [MainThread]:   dataproc_batch: None
[0m18:52:36.668015 [info ] [MainThread]: Registered adapter: bigquery=1.11.1
[0m18:52:36.747662 [debug] [MainThread]: Acquiring new bigquery connection 'debug'
[0m18:52:36.750252 [debug] [MainThread]: On debug: select 1 as id
[0m18:52:36.752816 [debug] [MainThread]: Opening a new connection, currently in state init
[0m18:52:44.654563 [debug] [MainThread]: BigQuery adapter: https://console.cloud.google.com/bigquery?project=afl3-dw-hotel&j=bq:asia-southeast2:1f82f2fb-cec1-494c-9be5-4949e25276ec&page=queryresults
[0m18:52:44.817262 [debug] [MainThread]: SQL status: OK in 0.161 seconds
[0m18:52:44.985914 [info ] [MainThread]:   Connection test: [[32mOK connection ok[0m]

[0m18:52:44.987490 [info ] [MainThread]: [31m1 check failed:[0m
[0m18:52:44.988555 [info ] [MainThread]: Project loading failed for the following reason:
 project path </usr/app/dbt_project.yml> not found

[0m18:52:44.989828 [debug] [MainThread]: Resource report: {"command_name": "debug", "command_success": false, "command_wall_clock_time": 9.10718, "process_in_blocks": "0", "process_kernel_time": 0.220409, "process_mem_max_rss": "241264", "process_out_blocks": "16", "process_user_time": 4.12366}
[0m18:52:44.990684 [debug] [MainThread]: Command `dbt debug` failed at 18:52:44.990590 after 9.11 seconds
[0m18:52:44.991469 [debug] [MainThread]: Connection 'debug' was properly closed.
[0m18:52:44.992335 [debug] [MainThread]: Sending event: {'category': 'dbt', 'action': 'invocation', 'label': 'end', 'context': [<snowplow_tracker.self_describing_json.SelfDescribingJson object at 0x7d97740ca200>, <snowplow_tracker.self_describing_json.SelfDescribingJson object at 0x7d972f809480>, <snowplow_tracker.self_describing_json.SelfDescribingJson object at 0x7d972f8099c0>]}
[0m18:52:44.993162 [debug] [MainThread]: Flushing usage events
[0m18:52:46.081771 [debug] [MainThread]: An error was encountered while trying to flush usage events
==================== 2026-06-03T21:19:50.071923Z | 019e8f5b-5d32-75c2-b0d7-82e4d4fbcfe0 ====================
21:19:50.540022 [info ]: 
==================== Execution Summary =====================
Finished 'docs' successfully [468ms]
==================== 2026-06-03T21:21:47.010813Z | 019e8f5d-2601-7561-a0ed-55080b5d409d ====================
21:21:47.416485 [info ]: 
==================== Execution Summary =====================
Finished 'docs' successfully [405ms]
